sd_hal_mpu9250.c:41:19:SD_MPU9250_Init	88	static
sd_hal_mpu9250.c:194:6:SD_MPU9250_setXAccelOffset	40	static
sd_hal_mpu9250.c:213:6:SD_MPU9250_setYAccelOffset	40	static
sd_hal_mpu9250.c:232:6:SD_MPU9250_setZAccelOffset	40	static
sd_hal_mpu9250.c:251:6:SD_MPU9250_setXGyroOffset	40	static
sd_hal_mpu9250.c:270:6:SD_MPU9250_setYGyroOffset	40	static
sd_hal_mpu9250.c:289:6:SD_MPU9250_setZGyroOffset	40	static
sd_hal_mpu9250.c:310:19:SD_MPU9250_SetDataRate	40	static
sd_hal_mpu9250.c:329:19:SD_MPU9250_SetAccelerometer	48	static
sd_hal_mpu9250.c:375:19:SD_MPU9250_SetGyroscope	48	static
sd_hal_mpu9250.c:420:19:SD_MPU9250_ReadAccelerometer	40	static
sd_hal_mpu9250.c:440:19:SD_MPU9250_ReadGyroscope	40	static
sd_hal_mpu9250.c:461:19:SD_MPU9250_ReadTemperature	40	static
sd_hal_mpu9250.c:481:19:SD_MPU9250_ReadAll	64	static
sd_hal_mpu9250.c:515:19:SD_MPU9250_ReadAll_Raw	40	static
sd_hal_mpu9250.c:543:19:SD_MPU9250_EnableInterrupts	40	static
sd_hal_mpu9250.c:566:19:SD_MPU9250_DisableInterrupts	32	static
sd_hal_mpu9250.c:577:19:SD_MPU9250_ReadInterrupts	40	static
sd_hal_mpu9250.c:601:5:readAK8963Registers	48	static
sd_hal_mpu9250.c:640:5:writeAK8963Register	40	static
